[    0.000000] Linux version 4.15.0-212-generic (buildd@lcy02-amd64-083) (gcc version 7.5.0 (Ubuntu 7.5.0-3ubuntu1~18.04)) #223-Ubuntu SMP Tue May 23 13:09:22 UTC 2023 (Ubuntu 4.15.0-212.223-generic 4.15.18)
[    0.000000] Command line: BOOT_IMAGE=/boot/vmlinuz-4.15.0-212-generic root=LABEL=cloudimg-rootfs ro console=tty1 console=ttyS0
[    0.000000] KERNEL supported cpus:
[    0.000000]   Intel GenuineIntel
[    0.000000]   AMD AuthenticAMD
[    0.000000]   Centaur CentaurHauls
[    0.000000] x86/fpu: x87 FPU will use FXSAVE
[    0.000000] e820: BIOS-provided physical RAM map:
[    0.000000] BIOS-e820: [mem 0x0000000000000000-0x000000000009fbff] usable
[    0.000000] BIOS-e820: [mem 0x000000000009fc00-0x000000000009ffff] reserved
[    0.000000] BIOS-e820: [mem 0x00000000000f0000-0x00000000000fffff] reserved
[    0.000000] BIOS-e820: [mem 0x0000000000100000-0x00000000dffeffff] usable
[    0.000000] BIOS-e820: [mem 0x00000000dfff0000-0x00000000dfffffff] ACPI data
[    0.000000] BIOS-e820: [mem 0x00000000fec00000-0x00000000fec00fff] reserved
[    0.000000] BIOS-e820: [mem 0x00000000fee00000-0x00000000fee00fff] reserved
[    0.000000] BIOS-e820: [mem 0x00000000fffc0000-0x00000000ffffffff] reserved
[    0.000000] BIOS-e820: [mem 0x0000000100000000-0x0000000119ffffff] usable
[    0.000000] NX (Execute Disable) protection: active
[    0.000000] SMBIOS 2.5 present.
[    0.000000] DMI: innotek GmbH VirtualBox/VirtualBox, BIOS VirtualBox 12/01/2006
[    0.000000] Hypervisor detected: KVM
[    0.000000] e820: last_pfn = 0x11a000 max_arch_pfn = 0x400000000
[    0.000000] x86/PAT: Configuration [0-7]: WB  WC  UC- UC  WB  WP  UC- WT  
[    0.000000] CPU MTRRs all blank - virtualized system.
[    0.000000] e820: last_pfn = 0xdfff0 max_arch_pfn = 0x400000000
[    0.000000] found SMP MP-table at [mem 0x0009fbf0-0x0009fbff]
[    0.000000] Scanning 1 areas for low memory corruption
[    0.000000] RAMDISK: [mem 0x359cb000-0x36cdcfff]
[    0.000000] ACPI: Early table checksum verification disabled
[    0.000000] ACPI: RSDP 0x00000000000E0000 000024 (v02 VBOX  )
[    0.000000] ACPI: XSDT 0x00000000DFFF0030 00003C (v01 VBOX   VBOXXSDT 00000001 ASL  00000061)
[    0.000000] ACPI: FACP 0x00000000DFFF00F0 0000F4 (v04 VBOX   VBOXFACP 00000001 ASL  00000061)
[    0.000000] ACPI: DSDT 0x00000000DFFF0610 002353 (v02 VBOX   VBOXBIOS 00000002 INTL 20100528)
[    0.000000] ACPI: FACS 0x00000000DFFF0200 000040
[    0.000000] ACPI: FACS 0x00000000DFFF0200 000040
[    0.000000] ACPI: APIC 0x00000000DFFF0240 00005C (v02 VBOX   VBOXAPIC 00000001 ASL  00000061)
[    0.000000] ACPI: SSDT 0x00000000DFFF02A0 00036C (v01 VBOX   VBOXCPUT 00000002 INTL 20100528)
[    0.000000] ACPI: Reserving FACP table memory at [mem 0xdfff00f0-0xdfff01e3]
[    0.000000] ACPI: Reserving DSDT table memory at [mem 0xdfff0610-0xdfff2962]
[    0.000000] ACPI: Reserving FACS table memory at [mem 0xdfff0200-0xdfff023f]
[    0.000000] ACPI: Reserving FACS table memory at [mem 0xdfff0200-0xdfff023f]
[    0.000000] ACPI: Reserving APIC table memory at [mem 0xdfff0240-0xdfff029b]
[    0.000000] ACPI: Reserving SSDT table memory at [mem 0xdfff02a0-0xdfff060b]
[    0.000000] No NUMA configuration found
[    0.000000] Faking a node at [mem 0x0000000000000000-0x0000000119ffffff]
[    0.000000] NODE_DATA(0) allocated [mem 0x119fd3000-0x119ffdfff]
[    0.000000] kvm-clock: cpu 0, msr 1:19f52001, primary cpu clock
[    0.000000] kvm-clock: Using msrs 4b564d01 and 4b564d00
[    0.000000] kvm-clock: using sched offset of 3822206006 cycles
[    0.000000] clocksource: kvm-clock: mask: 0xffffffffffffffff max_cycles: 0x1cd42e4dffb, max_idle_ns: 881590591483 ns
[    0.000000] Zone ranges:
[    0.000000]   DMA      [mem 0x0000000000001000-0x0000000000ffffff]
[    0.000000]   DMA32    [mem 0x0000000001000000-0x00000000ffffffff]
[    0.000000]   Normal   [mem 0x0000000100000000-0x0000000119ffffff]
[    0.000000]   Device   empty
[    0.000000] Movable zone start for each node
[    0.000000] Early memory node ranges
[    0.000000]   node   0: [mem 0x0000000000001000-0x000000000009efff]
[    0.000000]   node   0: [mem 0x0000000000100000-0x00000000dffeffff]
[    0.000000]   node   0: [mem 0x0000000100000000-0x0000000119ffffff]
[    0.000000] Reserved but unavailable: 104 pages
[    0.000000] Initmem setup node 0 [mem 0x0000000000001000-0x0000000119ffffff]
[    0.000000] ACPI: PM-Timer IO Port: 0x4008
[    0.000000] IOAPIC[0]: apic_id 2, version 32, address 0xfec00000, GSI 0-23
[    0.000000] ACPI: INT_SRC_OVR (bus 0 bus_irq 0 global_irq 2 dfl dfl)
[    0.000000] ACPI: INT_SRC_OVR (bus 0 bus_irq 9 global_irq 9 low level)
[    0.000000] Using ACPI (MADT) for SMP configuration information
[    0.000000] smpboot: Allowing 2 CPUs, 0 hotplug CPUs
[    0.000000] PM: Registered nosave memory: [mem 0x00000000-0x00000fff]
[    0.000000] PM: Registered nosave memory: [mem 0x0009f000-0x0009ffff]
[    0.000000] PM: Registered nosave memory: [mem 0x000a0000-0x000effff]
[    0.000000] PM: Registered nosave memory: [mem 0x000f0000-0x000fffff]
[    0.000000] PM: Registered nosave memory: [mem 0xdfff0000-0xdfffffff]
[    0.000000] PM: Registered nosave memory: [mem 0xe0000000-0xfebfffff]
[    0.000000] PM: Registered nosave memory: [mem 0xfec00000-0xfec00fff]
[    0.000000] PM: Registered nosave memory: [mem 0xfec01000-0xfedfffff]
[    0.000000] PM: Registered nosave memory: [mem 0xfee00000-0xfee00fff]
[    0.000000] PM: Registered nosave memory: [mem 0xfee01000-0xfffbffff]
[    0.000000] PM: Registered nosave memory: [mem 0xfffc0000-0xffffffff]
[    0.000000] e820: [mem 0xe0000000-0xfebfffff] available for PCI devices
[    0.000000] Booting paravirtualized kernel on KVM
[    0.000000] clocksource: refined-jiffies: mask: 0xffffffff max_cycles: 0xffffffff, max_idle_ns: 7645519600211568 ns
[    0.000000] setup_percpu: NR_CPUS:8192 nr_cpumask_bits:2 nr_cpu_ids:2 nr_node_ids:1
[    0.000000] percpu: Embedded 50 pages/cpu s167936 r8192 d28672 u1048576
[    0.000000] PV qspinlock hash table entries: 256 (order: 0, 4096 bytes)
[    0.000000] Built 1 zonelists, mobility grouping on.  Total pages: 1007865
[    0.000000] Policy zone: Normal
[    0.000000] Kernel command line: BOOT_IMAGE=/boot/vmlinuz-4.15.0-212-generic root=LABEL=cloudimg-rootfs ro console=tty1 console=ttyS0
[    0.000000] Memory: 3914956K/4095544K available (12300K kernel code, 2477K rwdata, 4324K rodata, 2480K init, 2720K bss, 180588K reserved, 0K cma-reserved)
[    0.000000] SLUB: HWalign=64, Order=0-3, MinObjects=0, CPUs=2, Nodes=1
[    0.000000] ftrace: allocating 39508 entries in 155 pages
[    0.004000] Hierarchical RCU implementation.
[    0.004000] 	RCU restricting CPUs from NR_CPUS=8192 to nr_cpu_ids=2.
[    0.004000] 	Tasks RCU enabled.
[    0.004000] RCU: Adjusting geometry for rcu_fanout_leaf=16, nr_cpu_ids=2
[    0.004000] NR_IRQS: 524544, nr_irqs: 440, preallocated irqs: 16
[    0.004000] random: crng init done
[    0.004000] Console: colour VGA+ 80x25
[    0.004000] console [tty1] enabled
[    0.004000] console [ttyS0] enabled
[    0.004000] ACPI: Core revision 20170831
[    0.004000] ACPI: 2 ACPI AML tables successfully acquired and loaded
[    0.004000] APIC: Switch to symmetric I/O mode setup
[    0.008000] ..TIMER: vector=0x30 apic1=0 pin1=2 apic2=-1 pin2=-1
[    0.008007] tsc: Detected 2419.198 MHz processor
[    0.012015] Calibrating delay loop (skipped) preset value.. 4838.39 BogoMIPS (lpj=9676792)
[    0.016003] pid_max: default: 32768 minimum: 301
[    0.020000] Security Framework initialized
[    0.020004] Yama: becoming mindful.
[    0.023279] AppArmor: AppArmor initialized
[    0.041279] Dentry cache hash table entries: 524288 (order: 10, 4194304 bytes)
[    0.058471] Inode-cache hash table entries: 262144 (order: 9, 2097152 bytes)
[    0.060459] Mount-cache hash table entries: 8192 (order: 4, 65536 bytes)
[    0.064272] Mountpoint-cache hash table entries: 8192 (order: 4, 65536 bytes)
[    0.070203] Last level iTLB entries: 4KB 0, 2MB 0, 4MB 0
[    0.072003] Last level dTLB entries: 4KB 0, 2MB 0, 4MB 0, 1GB 0
[    0.076004] Spectre V1 : Mitigation: usercopy/swapgs barriers and __user pointer sanitization
[    0.080003] Spectre V2 : Mitigation: Enhanced IBRS
[    0.084002] Spectre V2 : Spectre v2 / SpectreRSB mitigation: Filling RSB on context switch
[    0.088002] Spectre V2 : Spectre v2 / PBRSB-eIBRS: Retire a single CALL on VMEXIT
[    0.092002] RETBleed: Mitigation: Enhanced IBRS
[    0.096003] Speculative Store Bypass: Vulnerable
[    0.104102] Freeing SMP alternatives memory: 36K
[    0.220898] smpboot: CPU0: 11th Gen Intel(R) Core(TM) i5-1135G7 @ 2.40GHz (family: 0x6, model: 0x8c, stepping: 0x1)
[    0.224388] Performance Events: unsupported p6 CPU model 140 no PMU driver, software events only.
[    0.228100] Hierarchical SRCU implementation.
[    0.232956] NMI watchdog: Perf event create on CPU 0 failed with -2
[    0.236003] NMI watchdog: Perf NMI watchdog permanently disabled
[    0.240302] smp: Bringing up secondary CPUs ...
[    0.244795] x86: Booting SMP configuration:
[    0.248003] .... node  #0, CPUs:      #1
[    0.004000] kvm-clock: cpu 1, msr 1:19f52041, secondary cpu clock
[    0.259682] TSC synchronization [CPU#0 -> CPU#1]:
[    0.260000] Measured 84613 cycles TSC warp between CPUs, turning off TSC clock.
[    0.260000] tsc: Marking TSC unstable due to check_tsc_sync_source failed
[    0.264175] smp: Brought up 1 node, 2 CPUs
[    0.267195] smpboot: Max logical packages: 1
[    0.268013] smpboot: Total of 2 processors activated (9676.79 BogoMIPS)
[    0.272790] devtmpfs: initialized
[    0.276110] x86/mm: Memory block size: 128MB
[    0.280684] evm: security.selinux
[    0.284006] evm: security.SMACK64
[    0.288005] evm: security.SMACK64EXEC
[    0.291124] evm: security.SMACK64TRANSMUTE
[    0.292003] evm: security.SMACK64MMAP
[    0.296002] evm: security.apparmor
[    0.298450] evm: security.ima
[    0.300003] evm: security.capability
[    0.304373] clocksource: jiffies: mask: 0xffffffff max_cycles: 0xffffffff, max_idle_ns: 7645041785100000 ns
[    0.308024] futex hash table entries: 512 (order: 3, 32768 bytes)
[    0.316012] pinctrl core: initialized pinctrl subsystem
[    0.320209] RTC time: 14:17:06, date: 04/04/25
[    0.324267] NET: Registered protocol family 16
[    0.328201] audit: initializing netlink subsys (disabled)
[    0.336158] audit: type=2000 audit(1743776231.364:1): state=initialized audit_enabled=0 res=1
[    0.344110] cpuidle: using governor ladder
[    0.348009] cpuidle: using governor menu
[    0.352109] ACPI: bus type PCI registered
[    0.356003] acpiphp: ACPI Hot Plug PCI Controller Driver version: 0.5
[    0.360480] PCI: Using configuration type 1 for base access
[    0.368314] HugeTLB registered 2.00 MiB page size, pre-allocated 0 pages
[    0.376364] ACPI: Added _OSI(Module Device)
[    0.380017] ACPI: Added _OSI(Processor Device)
[    0.384003] ACPI: Added _OSI(3.0 _SCP Extensions)
[    0.388002] ACPI: Added _OSI(Processor Aggregator Device)
[    0.392004] ACPI: Added _OSI(Linux-Dell-Video)
[    0.396003] ACPI: Added _OSI(Linux-Lenovo-NV-HDMI-Audio)
[    0.400003] ACPI: Added _OSI(Linux-HPI-Hybrid-Graphics)
[    0.404914] ACPI: Executed 1 blocks of module-level executable AML code
[    0.416000] ACPI: Interpreter enabled
[    0.416016] ACPI: (supports S0 S5)
[    0.420003] ACPI: Using IOAPIC for interrupt routing
[    0.424556] PCI: Using host bridge windows from ACPI; if necessary, use "pci=nocrs" and report a bug
[    0.428281] ACPI: Enabled 2 GPEs in block 00 to 07
[    0.442227] ACPI: PCI Root Bridge [PCI0] (domain 0000 [bus 00-ff])
[    0.444018] acpi PNP0A03:00: _OSC: OS supports [ASPM ClockPM Segments MSI]
[    0.449021] acpi PNP0A03:00: _OSC: not requesting OS control; OS requires [ExtendedConfig ASPM ClockPM MSI]
[    0.452020] acpi PNP0A03:00: fail to add MMCONFIG information, can't access extended PCI configuration space under this bridge.
[    0.460166] PCI host bridge to bus 0000:00
[    0.464006] pci_bus 0000:00: root bus resource [io  0x0000-0x0cf7 window]
[    0.468009] pci_bus 0000:00: root bus resource [io  0x0d00-0xffff window]
[    0.472003] pci_bus 0000:00: root bus resource [mem 0x000a0000-0x000bffff window]
[    0.476004] pci_bus 0000:00: root bus resource [mem 0xe0000000-0xfdffffff window]
[    0.480004] pci_bus 0000:00: root bus resource [bus 00-ff]
[    0.493430] pci 0000:00:01.1: legacy IDE quirk: reg 0x10: [io  0x01f0-0x01f7]
[    0.496012] pci 0000:00:01.1: legacy IDE quirk: reg 0x14: [io  0x03f6]
[    0.500011] pci 0000:00:01.1: legacy IDE quirk: reg 0x18: [io  0x0170-0x0177]
[    0.504005] pci 0000:00:01.1: legacy IDE quirk: reg 0x1c: [io  0x0376]
[    0.528000] pci 0000:00:07.0: quirk: [io  0x4000-0x403f] claimed by PIIX4 ACPI
[    0.528050] pci 0000:00:07.0: quirk: [io  0x4100-0x410f] claimed by PIIX4 SMB
[    0.542457] ACPI: PCI Interrupt Link [LNKA] (IRQs 5 9 10 *11)
[    0.544690] ACPI: PCI Interrupt Link [LNKB] (IRQs 5 9 *10 11)
[    0.548239] ACPI: PCI Interrupt Link [LNKC] (IRQs 5 *9 10 11)
[    0.552231] ACPI: PCI Interrupt Link [LNKD] (IRQs 5 9 10 *11)
[    0.560293] SCSI subsystem initialized
[    0.564120] pci 0000:00:02.0: vgaarb: setting as boot VGA device
[    0.568000] pci 0000:00:02.0: vgaarb: VGA device added: decodes=io+mem,owns=io+mem,locks=none
[    0.568007] pci 0000:00:02.0: vgaarb: bridge control possible
[    0.572003] vgaarb: loaded
[    0.576076] ACPI: bus type USB registered
[    0.579412] usbcore: registered new interface driver usbfs
[    0.580011] usbcore: registered new interface driver hub
[    0.584012] usbcore: registered new device driver usb
[    0.588224] EDAC MC: Ver: 3.0.0
[    0.596023] PCI: Using ACPI for IRQ routing
[    0.600466] NetLabel: Initializing
[    0.603722] NetLabel:  domain hash size = 128
[    0.604002] NetLabel:  protocols = UNLABELED CIPSOv4 CALIPSO
[    0.608138] NetLabel:  unlabeled traffic allowed by default
[    0.616148] clocksource: Switched to clocksource kvm-clock
[    0.624713] VFS: Disk quotas dquot_6.6.0
[    0.624713] VFS: Dquot-cache hash table entries: 512 (order 0, 4096 bytes)
[    0.624713] AppArmor: AppArmor Filesystem Enabled
[    0.624713] pnp: PnP ACPI init
[    0.624713] pnp: PnP ACPI: found 3 devices
[    0.730775] clocksource: acpi_pm: mask: 0xffffff max_cycles: 0xffffff, max_idle_ns: 2085701024 ns
[    0.732855] NET: Registered protocol family 2
[    0.732855] IP idents hash table entries: 65536 (order: 7, 524288 bytes)
[    0.758323] TCP established hash table entries: 32768 (order: 6, 262144 bytes)
[    0.765887] TCP bind hash table entries: 32768 (order: 7, 524288 bytes)
[    0.773149] TCP: Hash tables configured (established 32768 bind 32768)
[    0.775331] UDP hash table entries: 2048 (order: 4, 65536 bytes)
[    0.775331] UDP-Lite hash table entries: 2048 (order: 4, 65536 bytes)
[    0.775331] NET: Registered protocol family 1
[    0.775331] pci 0000:00:00.0: Limiting direct PCI/PCI transfers
[    0.775331] pci 0000:00:01.0: Activating ISA DMA hang workarounds
[    0.775331] pci 0000:00:02.0: Video device with shadowed ROM at [mem 0x000c0000-0x000dffff]
[    0.775331] Unpacking initramfs...
[    1.316346] Freeing initrd memory: 19528K
[    1.319270] PCI-DMA: Using software bounce buffering for IO (SWIOTLB)
[    1.323725] software IO TLB: mapped [mem 0xdbff0000-0xdfff0000] (64MB)
[    1.328912] clocksource: tsc: mask: 0xffffffffffffffff max_cycles: 0x22df0f35937, max_idle_ns: 440795269039 ns
[    1.336971] platform rtc_cmos: registered platform RTC device (no PNP device found)
[    1.343508] Scanning for low memory corruption every 60 seconds
[    1.350193] Initialise system trusted keyrings
[    1.354154] Key type blacklist registered
[    1.358152] workingset: timestamp_bits=36 max_order=20 bucket_order=0
[    1.366456] zbud: loaded
[    1.369566] squashfs: version 4.0 (2009/01/31) Phillip Lougher
[    1.375514] fuse init (API version 7.26)
[    1.417400] Key type asymmetric registered
[    1.424936] Asymmetric key parser 'x509' registered
[    1.432038] Block layer SCSI generic (bsg) driver version 0.4 loaded (major 246)
[    1.440295] io scheduler noop registered
[    1.443643] io scheduler deadline registered
[    1.447374] io scheduler cfq registered (default)
[    1.452681] ACPI: AC Adapter [AC] (on-line)
[    1.456452] input: Power Button as /devices/LNXSYSTM:00/LNXPWRBN:00/input/input0
[    1.462851] ACPI: Power Button [PWRF]
[    1.466306] input: Sleep Button as /devices/LNXSYSTM:00/LNXSLPBN:00/input/input1
[    1.472639] ACPI: Sleep Button [SLPF]
[    1.478339] ACPI: Battery Slot [BAT0] (battery present)
[    1.480846] Serial: 8250/16550 driver, 32 ports, IRQ sharing enabled
[    1.524365] 00:02: ttyS0 at I/O 0x3f8 (irq = 4, base_baud = 115200) is a 16550A
[    1.539031] Linux agpgart interface v0.103
[    1.546995] loop: module loaded
[    1.553390] scsi host0: ata_piix
[    1.557007] scsi host1: ata_piix
[    1.560606] ata1: PATA max UDMA/33 cmd 0x1f0 ctl 0x3f6 bmdma 0xd000 irq 14
[    1.566496] ata2: PATA max UDMA/33 cmd 0x170 ctl 0x376 bmdma 0xd008 irq 15
[    1.573065] tun: Universal TUN/TAP device driver, 1.6
[    1.579165] PPP generic driver version 2.4.2
[    1.584222] ehci_hcd: USB 2.0 'Enhanced' Host Controller (EHCI) Driver
[    1.590096] ehci-pci: EHCI PCI platform driver
[    1.594359] ehci-platform: EHCI generic platform driver
[    1.599237] ohci_hcd: USB 1.1 'Open' Host Controller (OHCI) Driver
[    1.605166] ohci-pci: OHCI PCI platform driver
[    1.609451] ohci-platform: OHCI generic platform driver
[    1.614393] uhci_hcd: USB Universal Host Controller Interface driver
[    1.620339] i8042: PNP: PS/2 Controller [PNP0303:PS2K,PNP0f03:PS2M] at 0x60,0x64 irq 1,12
[    1.631208] serio: i8042 KBD port at 0x60,0x64 irq 1
[    1.635926] serio: i8042 AUX port at 0x60,0x64 irq 12
[    1.640816] mousedev: PS/2 mouse device common for all mice
[    1.647753] input: AT Translated Set 2 keyboard as /devices/platform/i8042/serio0/input/input2
[    1.657167] rtc_cmos rtc_cmos: rtc core: registered rtc_cmos as rtc0
[    1.663928] rtc_cmos rtc_cmos: alarms up to one day, 114 bytes nvram
[    1.669992] i2c /dev entries driver
[    1.673601] device-mapper: uevent: version 1.0.3
[    1.678056] device-mapper: ioctl: 4.37.0-ioctl (2017-09-20) initialised: dm-devel@redhat.com
[    1.686132] ledtrig-cpu: registered to indicate activity on CPUs
[    1.694414] NET: Registered protocol family 10
[    1.711970] Segment Routing with IPv6
[    1.716881] NET: Registered protocol family 17
[    1.721614] Key type dns_resolver registered
[    1.726952] mce: Using 0 MCE banks
[    1.731140] RAS: Correctable Errors collector initialized.
[    1.737427] sched_clock: Marking stable (1737285642, 0)->(3000050082, -1262764440)
[    1.794446] registered taskstats version 1
[    1.799460] Loading compiled-in X.509 certificates
[    1.809629] Loaded X.509 cert 'Build time autogenerated kernel key: b5b26778eaa3ab3a4a6cee031137706e947d12ad'
[    1.819233] Loaded X.509 cert 'Canonical Ltd. Live Patch Signing: 14df34d1a87cf37625abec039ef2bf521249b969'
[    1.826852] Loaded X.509 cert 'Canonical Ltd. Kernel Module Signing: 88f752e560a1e0737e31163a466ad7b70a850c19'
[    1.834281] blacklist: Loading compiled-in revocation X.509 certificates
[    1.839378] Loaded X.509 cert 'Canonical Ltd. Secure Boot Signing: 61482aa2830d0ab2ad5af10b7250da9033ddcef0'
[    1.846603] Loaded X.509 cert 'Canonical Ltd. Secure Boot Signing (2017): 242ade75ac4a15e50d50c84b0d45ff3eae707a03'
[    1.854433] Loaded X.509 cert 'Canonical Ltd. Secure Boot Signing (ESM 2018): 365188c1d374d6b07c3c8f240f8ef722433d6a8b'
[    1.861862] Loaded X.509 cert 'Canonical Ltd. Secure Boot Signing (2019): c0746fd6c5da3ae827864651ad66ae47fe24b3e8'
[    1.869287] Loaded X.509 cert 'Canonical Ltd. Secure Boot Signing (2021 v1): a8d54bbb3825cfb94fa13c9f8a594a195c107b8d'
[    1.877064] Loaded X.509 cert 'Canonical Ltd. Secure Boot Signing (2021 v2): 4cf046892d6fd3c9a5b03f98d845f90851dc6a8c'
[    1.884901] Loaded X.509 cert 'Canonical Ltd. Secure Boot Signing (2021 v3): 100437bb6de6e469b581e61cd66bce3ef4ed53af'
[    1.894429] Loaded X.509 cert 'Canonical Ltd. Secure Boot Signing (Ubuntu Core 2019): c1d57b8f6b743f23ee41f4f7ee292f06eecadfb9'
[    1.904312] zswap: loaded using pool lzo/zbud
[    1.918357] Key type big_key registered
[    1.922930] Key type trusted registered
[    1.930742] Key type encrypted registered
[    1.935626] AppArmor: AppArmor sha1 policy hashing enabled
[    1.940853] ima: No TPM chip found, activating TPM-bypass! (rc=-19)
[    1.946461] ima: Allocated hash algorithm: sha1
[    1.950821] evm: HMAC attrs: 0x1
[    1.955016]   Magic number: 5:491:282
[    1.959060] tty tty19: hash matches
[    1.963155] rtc_cmos rtc_cmos: setting system clock to 2025-04-04 14:17:08 UTC (1743776228)
[    1.971033] BIOS EDD facility v0.16 2004-Jun-25, 0 devices found
[    1.976823] EDD information not available.
[    1.984298] Freeing unused kernel image memory: 2480K
[    2.004828] Write protecting the kernel read-only data: 20480k
[    2.012428] Freeing unused kernel image memory: 2008K
[    2.018244] Freeing unused kernel image memory: 1820K
[    2.026659] x86/mm: Checked W+X mappings: passed, no W+X pages found.
Loading, please wait...
starting version 237
[    2.144630] e1000: Intel(R) PRO/1000 Network Driver - version 7.3.21-k8-NAPI
[    2.150299] e1000: Copyright (c) 1999-2006 Intel Corporation.
[    2.162933] Fusion MPT base driver 3.04.20
[    2.168470] Copyright (c) 1999-2008 LSI Corporation
[    2.181210] Fusion MPT SPI Host driver 3.04.20
[    2.196332] SSE version of gcm_enc/dec engaged.
[    2.418211] input: ImExPS/2 Generic Explorer Mouse as /devices/platform/i8042/serio1/input/input4
[    2.915715] e1000 0000:00:03.0 eth0: (PCI:33MHz:32-bit) 02:3b:7b:b7:3b:2d
[    2.922205] e1000 0000:00:03.0 eth0: Intel(R) PRO/1000 Network Connection
[    3.526797] e1000 0000:00:08.0 eth1: (PCI:33MHz:32-bit) 08:00:27:05:5a:2b
[    3.534068] e1000 0000:00:08.0 eth1: Intel(R) PRO/1000 Network Connection
[    3.546015] e1000 0000:00:03.0 enp0s3: renamed from eth0
